[Prefill Mode] Output Length is modified into 1
Using synthesis trace
-----------------------------------
-------------start-----------------
-----------------------------------
Current status: 768 | Sum: 9, 768 | Gen : 0, 0, average: 0
status.tensor name: EmbeddingVector, input_shape: (768, 32000), output_shape: (768, 4096)
status.tensor name: Hidden vector, input_shape: (768, 4096), output_shape: (768, 4096)
status.tensor name: layer_norm_output, input_shape: (768, 4096), output_shape: (768, 6144)
status.tensor name: layer_norm_output, input_shape: (768, 4096), output_shape: (768, 6144)
input tensor name: Y, shape: (768, 6144)
output tensor name: sum_tensor, shape: (768, 6144)
output tensor name: gen_tensor, shape: (0, 6144)
status.tensor name: sum_tensor, input_shape: (17, 4096), output_shape: (768, 4096)
status.tensor name: gen_tensor, input_shape: (0, 6144), output_shape: (0, 4096)
input tensor name: attn_output, shape: (768, 4096)
input tensor name: attn_output, shape: (0, 4096)
output tensor name: output_tensor, shape: (768, 4096)
status.tensor name: Y, input_shape: (768, 6144), output_shape: (768, 4096)
status.tensor name: output_tensor, input_shape: (768, 4096), output_shape: (768, 4096)
status.tensor name: output_tensor, input_shape: (768, 4096), output_shape: (768, 4096)
status.tensor name: Y, input_shape: (768, 4096), output_shape: (768, 4096)
status.tensor name: layer_norm_output, input_shape: (768, 4096), output_shape: (768, 4096)
status.tensor name: allreduce_output, input_shape: (768, 4096), output_shape: (768, 4096)
status.tensor name: allreduce_output, input_shape: (768, 4096), output_shape: (768, 4096)
status.tensor name: layer_norm_output, input_shape: (768, 4096), output_shape: (768, 14336)
status.tensor name: layer_norm_output, input_shape: (768, 4096), output_shape: (768, 14336)
status.tensor name: Y, input_shape: (768, 14336), output_shape: (768, 14336)
status.tensor name: layer_norm_output, input_shape: (768, 4096), output_shape: (768, 14336)
status.tensor name: layer_norm_output, input_shape: (768, 4096), output_shape: (768, 14336)
status.tensor name: Y, input_shape: (768, 14336), output_shape: (768, 4096)
status.tensor name: Y, input_shape: (768, 14336), output_shape: (768, 4096)
status.tensor name: layer_norm_output, input_shape: (768, 4096), output_shape: (768, 4096)
status.tensor name: Y, input_shape: (768, 4096), output_shape: (768, 4096)
status.tensor name: allreduce_output, input_shape: (768, 4096), output_shape: (768, 4096)
status.tensor name: Hidden vector, input_shape: (768, 4096), output_shape: (768, 4096)
status.tensor name: residual_out, input_shape: (768, 4096), output_shape: (9, 4096)
status.tensor name: pooling_output, input_shape: (9, 4096), output_shape: (9, 4096)
status.tensor name: gnn_output, input_shape: (9, 4096), output_shape: (9, 4096)
status.tensor name: EmbeddingVector, input_shape: (768, 32000), output_shape: (9, 4096)
Current status: 0 | Sum: 0, 0 | Gen : 0, 0, average: 0
Current status: 114 | Sum: 2, 114 | Gen : 0, 0, average: 0
status.tensor name: EmbeddingVector, input_shape: (768, 32000), output_shape: (114, 4096)
status.tensor name: Hidden vector, input_shape: (114, 4096), output_shape: (114, 4096)
status.tensor name: layer_norm_output, input_shape: (114, 4096), output_shape: (114, 6144)
status.tensor name: layer_norm_output, input_shape: (114, 4096), output_shape: (114, 6144)
input tensor name: Y, shape: (114, 6144)
output tensor name: sum_tensor, shape: (114, 6144)
output tensor name: gen_tensor, shape: (0, 6144)
status.tensor name: sum_tensor, input_shape: (102, 4096), output_shape: (114, 4096)
status.tensor name: gen_tensor, input_shape: (0, 6144), output_shape: (0, 4096)
input tensor name: attn_output, shape: (114, 4096)
input tensor name: attn_output, shape: (0, 4096)
output tensor name: output_tensor, shape: (114, 4096)
status.tensor name: Y, input_shape: (114, 6144), output_shape: (114, 4096)
status.tensor name: output_tensor, input_shape: (114, 4096), output_shape: (114, 4096)
status.tensor name: output_tensor, input_shape: (114, 4096), output_shape: (114, 4096)
status.tensor name: Y, input_shape: (114, 4096), output_shape: (114, 4096)
status.tensor name: layer_norm_output, input_shape: (114, 4096), output_shape: (114, 4096)
status.tensor name: allreduce_output, input_shape: (114, 4096), output_shape: (114, 4096)
status.tensor name: allreduce_output, input_shape: (114, 4096), output_shape: (114, 4096)
status.tensor name: layer_norm_output, input_shape: (114, 4096), output_shape: (114, 14336)
status.tensor name: layer_norm_output, input_shape: (114, 4096), output_shape: (114, 14336)
status.tensor name: Y, input_shape: (114, 14336), output_shape: (114, 14336)
status.tensor name: layer_norm_output, input_shape: (114, 4096), output_shape: (114, 14336)
status.tensor name: layer_norm_output, input_shape: (114, 4096), output_shape: (114, 14336)
status.tensor name: Y, input_shape: (114, 14336), output_shape: (114, 4096)
status.tensor name: Y, input_shape: (114, 14336), output_shape: (114, 4096)
status.tensor name: layer_norm_output, input_shape: (114, 4096), output_shape: (114, 4096)
status.tensor name: Y, input_shape: (114, 4096), output_shape: (114, 4096)
status.tensor name: allreduce_output, input_shape: (114, 4096), output_shape: (114, 4096)
status.tensor name: Hidden vector, input_shape: (114, 4096), output_shape: (114, 4096)
status.tensor name: residual_out, input_shape: (114, 4096), output_shape: (2, 4096)
status.tensor name: pooling_output, input_shape: (2, 4096), output_shape: (2, 4096)
status.tensor name: gnn_output, input_shape: (2, 4096), output_shape: (2, 4096)
status.tensor name: EmbeddingVector, input_shape: (768, 32000), output_shape: (2, 4096)
Current status: 0 | Sum: 0, 0 | Gen : 0, 0, average: 0
Current status: 768 | Sum: 9, 768 | Gen : 0, 0, average: 0
status.tensor name: EmbeddingVector, input_shape: (768, 32000), output_shape: (768, 4096)
status.tensor name: Hidden vector, input_shape: (768, 4096), output_shape: (768, 4096)
status.tensor name: layer_norm_output, input_shape: (768, 4096), output_shape: (768, 6144)
status.tensor name: layer_norm_output, input_shape: (768, 4096), output_shape: (768, 6144)
input tensor name: Y, shape: (768, 6144)
output tensor name: sum_tensor, shape: (768, 6144)
output tensor name: gen_tensor, shape: (0, 6144)
status.tensor name: sum_tensor, input_shape: (17, 4096), output_shape: (768, 4096)
status.tensor name: gen_tensor, input_shape: (0, 6144), output_shape: (0, 4096)
input tensor name: attn_output, shape: (768, 4096)
input tensor name: attn_output, shape: (0, 4096)
output tensor name: output_tensor, shape: (768, 4096)
status.tensor name: Y, input_shape: (768, 6144), output_shape: (768, 4096)
status.tensor name: output_tensor, input_shape: (768, 4096), output_shape: (768, 4096)
status.tensor name: output_tensor, input_shape: (768, 4096), output_shape: (768, 4096)
status.tensor name: Y, input_shape: (768, 4096), output_shape: (768, 4096)
status.tensor name: layer_norm_output, input_shape: (768, 4096), output_shape: (768, 4096)
status.tensor name: allreduce_output, input_shape: (768, 4096), output_shape: (768, 4096)
status.tensor name: allreduce_output, input_shape: (768, 4096), output_shape: (768, 4096)
status.tensor name: layer_norm_output, input_shape: (768, 4096), output_shape: (768, 14336)
status.tensor name: layer_norm_output, input_shape: (768, 4096), output_shape: (768, 14336)
status.tensor name: Y, input_shape: (768, 14336), output_shape: (768, 14336)
status.tensor name: layer_norm_output, input_shape: (768, 4096), output_shape: (768, 14336)
status.tensor name: layer_norm_output, input_shape: (768, 4096), output_shape: (768, 14336)
status.tensor name: Y, input_shape: (768, 14336), output_shape: (768, 4096)
status.tensor name: Y, input_shape: (768, 14336), output_shape: (768, 4096)
status.tensor name: layer_norm_output, input_shape: (768, 4096), output_shape: (768, 4096)
status.tensor name: Y, input_shape: (768, 4096), output_shape: (768, 4096)
status.tensor name: allreduce_output, input_shape: (768, 4096), output_shape: (768, 4096)
status.tensor name: Hidden vector, input_shape: (768, 4096), output_shape: (768, 4096)
status.tensor name: residual_out, input_shape: (768, 4096), output_shape: (9, 4096)
status.tensor name: pooling_output, input_shape: (9, 4096), output_shape: (9, 4096)
status.tensor name: gnn_output, input_shape: (9, 4096), output_shape: (9, 4096)
status.tensor name: EmbeddingVector, input_shape: (768, 32000), output_shape: (9, 4096)
Current status: 0 | Sum: 0, 0 | Gen : 0, 0, average: 0
Current status: 114 | Sum: 2, 114 | Gen : 0, 0, average: 0
status.tensor name: EmbeddingVector, input_shape: (768, 32000), output_shape: (114, 4096)
status.tensor name: Hidden vector, input_shape: (114, 4096), output_shape: (114, 4096)
status.tensor name: layer_norm_output, input_shape: (114, 4096), output_shape: (114, 6144)
status.tensor name: layer_norm_output, input_shape: (114, 4096), output_shape: (114, 6144)
input tensor name: Y, shape: (114, 6144)
output tensor name: sum_tensor, shape: (114, 6144)
output tensor name: gen_tensor, shape: (0, 6144)
status.tensor name: sum_tensor, input_shape: (102, 4096), output_shape: (114, 4096)
status.tensor name: gen_tensor, input_shape: (0, 6144), output_shape: (0, 4096)
input tensor name: attn_output, shape: (114, 4096)
input tensor name: attn_output, shape: (0, 4096)
output tensor name: output_tensor, shape: (114, 4096)
status.tensor name: Y, input_shape: (114, 6144), output_shape: (114, 4096)
status.tensor name: output_tensor, input_shape: (114, 4096), output_shape: (114, 4096)
status.tensor name: output_tensor, input_shape: (114, 4096), output_shape: (114, 4096)
status.tensor name: Y, input_shape: (114, 4096), output_shape: (114, 4096)
status.tensor name: layer_norm_output, input_shape: (114, 4096), output_shape: (114, 4096)
status.tensor name: allreduce_output, input_shape: (114, 4096), output_shape: (114, 4096)
status.tensor name: allreduce_output, input_shape: (114, 4096), output_shape: (114, 4096)
status.tensor name: layer_norm_output, input_shape: (114, 4096), output_shape: (114, 14336)
status.tensor name: layer_norm_output, input_shape: (114, 4096), output_shape: (114, 14336)
status.tensor name: Y, input_shape: (114, 14336), output_shape: (114, 14336)
status.tensor name: layer_norm_output, input_shape: (114, 4096), output_shape: (114, 14336)
status.tensor name: layer_norm_output, input_shape: (114, 4096), output_shape: (114, 14336)
status.tensor name: Y, input_shape: (114, 14336), output_shape: (114, 4096)
status.tensor name: Y, input_shape: (114, 14336), output_shape: (114, 4096)
status.tensor name: layer_norm_output, input_shape: (114, 4096), output_shape: (114, 4096)
status.tensor name: Y, input_shape: (114, 4096), output_shape: (114, 4096)
status.tensor name: allreduce_output, input_shape: (114, 4096), output_shape: (114, 4096)
status.tensor name: Hidden vector, input_shape: (114, 4096), output_shape: (114, 4096)
status.tensor name: residual_out, input_shape: (114, 4096), output_shape: (2, 4096)
status.tensor name: pooling_output, input_shape: (2, 4096), output_shape: (2, 4096)
status.tensor name: gnn_output, input_shape: (2, 4096), output_shape: (2, 4096)
status.tensor name: EmbeddingVector, input_shape: (768, 32000), output_shape: (2, 4096)
Current status: 0 | Sum: 0, 0 | Gen : 0, 0, average: 0
Current status: 768 | Sum: 9, 768 | Gen : 0, 0, average: 0
status.tensor name: EmbeddingVector, input_shape: (768, 32000), output_shape: (768, 4096)
status.tensor name: Hidden vector, input_shape: (768, 4096), output_shape: (768, 4096)
status.tensor name: layer_norm_output, input_shape: (768, 4096), output_shape: (768, 6144)
status.tensor name: layer_norm_output, input_shape: (768, 4096), output_shape: (768, 6144)
input tensor name: Y, shape: (768, 6144)
output tensor name: sum_tensor, shape: (768, 6144)
output tensor name: gen_tensor, shape: (0, 6144)
status.tensor name: sum_tensor, input_shape: (17, 4096), output_shape: (768, 4096)
status.tensor name: gen_tensor, input_shape: (0, 6144), output_shape: (0, 4096)
input tensor name: attn_output, shape: (768, 4096)
input tensor name: attn_output, shape: (0, 4096)
output tensor name: output_tensor, shape: (768, 4096)
status.tensor name: Y, input_shape: (768, 6144), output_shape: (768, 4096)
status.tensor name: output_tensor, input_shape: (768, 4096), output_shape: (768, 4096)
status.tensor name: output_tensor, input_shape: (768, 4096), output_shape: (768, 4096)
status.tensor name: Y, input_shape: (768, 4096), output_shape: (768, 4096)
status.tensor name: layer_norm_output, input_shape: (768, 4096), output_shape: (768, 4096)
status.tensor name: allreduce_output, input_shape: (768, 4096), output_shape: (768, 4096)
status.tensor name: allreduce_output, input_shape: (768, 4096), output_shape: (768, 4096)
status.tensor name: layer_norm_output, input_shape: (768, 4096), output_shape: (768, 14336)
status.tensor name: layer_norm_output, input_shape: (768, 4096), output_shape: (768, 14336)
status.tensor name: Y, input_shape: (768, 14336), output_shape: (768, 14336)
status.tensor name: layer_norm_output, input_shape: (768, 4096), output_shape: (768, 14336)
status.tensor name: layer_norm_output, input_shape: (768, 4096), output_shape: (768, 14336)
status.tensor name: Y, input_shape: (768, 14336), output_shape: (768, 4096)
status.tensor name: Y, input_shape: (768, 14336), output_shape: (768, 4096)
status.tensor name: layer_norm_output, input_shape: (768, 4096), output_shape: (768, 4096)
status.tensor name: Y, input_shape: (768, 4096), output_shape: (768, 4096)
status.tensor name: allreduce_output, input_shape: (768, 4096), output_shape: (768, 4096)
status.tensor name: Hidden vector, input_shape: (768, 4096), output_shape: (768, 4096)
status.tensor name: residual_out, input_shape: (768, 4096), output_shape: (9, 4096)
status.tensor name: pooling_output, input_shape: (9, 4096), output_shape: (9, 4096)
status.tensor name: gnn_output, input_shape: (9, 4096), output_shape: (9, 4096)
status.tensor name: EmbeddingVector, input_shape: (768, 32000), output_shape: (9, 4096)
Current status: 0 | Sum: 0, 0 | Gen : 0, 0, average: 0
Total: 385447.043035
/home/dcg/LLMSimulator/build/log/mixtral_synthesis_1024_1_GPU+PIM_N1_D1_TP1_DP1_maxbatch32_maxprocess524288_iter5_skew0_precision_byte1_parallel_execution0_prefill.csv
TFGNN | 108.26us  | 0 - 108.26 | tensor(768, 32000) -> tensor(9, 4096) | ACT: 0.29181mJ  | RD: 7.6449mJ  | WR: 1.4798mJ  | all_ACT: 0mJ  | all_RD: 0mJ  | all_WR: 0mJ  | MAC: 77.469mJ  | Total: 9.4165mJ | compute util: 0, memory util: 0, Op/B 1047.5
	embedding | 0us  | 0 - 0 | tensor(768, 32000) -> tensor(768, 4096) | ACT: 0mJ  | RD: 0mJ  | WR: 0mJ  | all_ACT: 0mJ  | all_RD: 0mJ  | all_WR: 0mJ  | MAC: 0mJ  | Total: 0mJ | compute util: 0, memory util: 0, Op/B 0
	transformer_0 | 105.5us  | 0 - 105.5 | tensor(768, 4096) -> tensor(768, 4096) | ACT: 0.29135mJ  | RD: 7.6436mJ  | WR: 1.4798mJ  | all_ACT: 0mJ  | all_RD: 0mJ  | all_WR: 0mJ  | MAC: 77.4mJ  | Total: 9.4147mJ | compute util: 0, memory util: 0, Op/B 1046.9
		input_layer_norm | 0.78694us  | 0 - 0.78694 | tensor(768, 4096) -> tensor(768, 4096) | ACT: 0mJ  | RD: 0mJ  | WR: 0mJ  | all_ACT: 0mJ  | all_RD: 0mJ  | all_WR: 0mJ  | MAC: 0mJ  | Total: 0mJ | compute util: 0, memory util: 0, Op/B 0
		attention | 20.125us  | 0.78694 - 20.912 | tensor(768, 4096) -> tensor(768, 4096) | ACT: 0.06795mJ  | RD: 1.6429mJ  | WR: 0.47204mJ  | all_ACT: 0mJ  | all_RD: 0mJ  | all_WR: 0mJ  | MAC: 15.166mJ  | Total: 2.1829mJ | compute util: 0, memory util: 0, Op/B 944.75
			attn_qkv_proj | 11.044us  | 0.78694 - 11.831 | tensor(768, 4096) -> tensor(768, 6144) | ACT: 0.029321mJ  | RD: 0.78853mJ  | WR: 0.1315mJ  | all_ACT: 0mJ  | all_RD: 0mJ  | all_WR: 0mJ  | MAC: 8.8906mJ  | Total: 0.94935mJ | compute util: 0, memory util: 0, Op/B 1170.3
				Linear | 11.044us  | 0.78694 - 11.831 | tensor(768, 4096) -> tensor(768, 6144) | ACT: 0.029321mJ  | RD: 0.78853mJ  | WR: 0.1315mJ  | all_ACT: 0mJ  | all_RD: 0mJ  | all_WR: 0mJ  | MAC: 8.8906mJ  | Total: 0.94935mJ | compute util: 1, memory util: 0.37384, Op/B 1170.3, GPU
			self_attention | 1.7177us  | 11.831 - 13.549 | tensor(768, 6144) -> tensor(768, 4096) | ACT: 0.018151mJ  | RD: 0.29938mJ  | WR: 0.25284mJ  | all_ACT: 0mJ  | all_RD: 0mJ  | all_WR: 0mJ  | MAC: 0.34798mJ  | Total: 0.57037mJ | compute util: 0, memory util: 0, Op/B 110.48
				AttentionSplit | 0us  | 11.831 - 11.831 | tensor(768, 6144) -> tensor(768, 6144) tensor(0, 6144) | ACT: 0mJ  | RD: 0mJ  | WR: 0mJ  | all_ACT: 0mJ  | all_RD: 0mJ  | all_WR: 0mJ  | MAC: 0mJ  | Total: 0mJ | compute util: 0, memory util: 0, Op/B 0
				AttentionSum | 1.7177us  | 11.831 - 13.549 | tensor(17, 4096) -> tensor(768, 4096) | ACT: 0.018151mJ  | RD: 0.29938mJ  | WR: 0.25284mJ  | all_ACT: 0mJ  | all_RD: 0mJ  | all_WR: 0mJ  | MAC: 0.34798mJ  | Total: 0.57037mJ | compute util: 0.25166, memory util: 0.99661, Op/B 110.48, GPU
				AttentionGen | 0us  | 13.549 - 13.549 | tensor(0, 6144) -> tensor(0, 4096) | ACT: 0mJ  | RD: 0mJ  | WR: 0mJ  | all_ACT: 0mJ  | all_RD: 0mJ  | all_WR: 0mJ  | MAC: 0mJ  | Total: 0mJ | compute util: 0, memory util: 0, Op/B 0, PIM
				AttentionMerge | 0us  | 13.549 - 13.549 | tensor(768, 4096) tensor(0, 4096) -> tensor(768, 4096) | ACT: 0mJ  | RD: 0mJ  | WR: 0mJ  | all_ACT: 0mJ  | all_RD: 0mJ  | all_WR: 0mJ  | MAC: 0mJ  | Total: 0mJ | compute util: 0, memory util: 0, Op/B 0
			attn_o_proj | 7.3628us  | 13.549 - 20.912 | tensor(768, 4096) -> tensor(768, 4096) | ACT: 0.020478mJ  | RD: 0.55496mJ  | WR: 0.087703mJ  | all_ACT: 0mJ  | all_RD: 0mJ  | all_WR: 0mJ  | MAC: 5.9271mJ  | Total: 0.66314mJ | compute util: 0, memory util: 0, Op/B 1117.1
				Linear | 7.3628us  | 13.549 - 20.912 | tensor(768, 4096) -> tensor(768, 4096) | ACT: 0.020478mJ  | RD: 0.55496mJ  | WR: 0.087703mJ  | all_ACT: 0mJ  | all_RD: 0mJ  | all_WR: 0mJ  | MAC: 5.9271mJ  | Total: 0.66314mJ | compute util: 1, memory util: 0.39164, Op/B 1117.1, GPU
			all_reduce | 0us  | 20.912 - 20.912 | tensor(768, 4096) -> tensor(768, 4096) | ACT: 0mJ  | RD: 0mJ  | WR: 0mJ  | all_ACT: 0mJ  | all_RD: 0mJ  | all_WR: 0mJ  | MAC: 0mJ  | Total: 0mJ | compute util: 0, memory util: 0, Op/B 0
		residual_1 | 1.1796us  | 20.912 - 22.091 | tensor(768, 4096) -> tensor(768, 4096) | ACT: 0mJ  | RD: 0mJ  | WR: 0mJ  | all_ACT: 0mJ  | all_RD: 0mJ  | all_WR: 0mJ  | MAC: 0mJ  | Total: 0mJ | compute util: 0, memory util: 0, Op/B 0
		post_attn_layer_norm | 0.78694us  | 22.091 - 22.878 | tensor(768, 4096) -> tensor(768, 4096) | ACT: 0mJ  | RD: 0mJ  | WR: 0mJ  | all_ACT: 0mJ  | all_RD: 0mJ  | all_WR: 0mJ  | MAC: 0mJ  | Total: 0mJ | compute util: 0, memory util: 0, Op/B 0
		feedforward | 81.438us  | 22.878 - 104.32 | tensor(768, 4096) -> tensor(768, 4096) | ACT: 0.2234mJ  | RD: 6.0007mJ  | WR: 1.0077mJ  | all_ACT: 0mJ  | all_RD: 0mJ  | all_WR: 0mJ  | MAC: 62.234mJ  | Total: 7.2319mJ | compute util: 0, memory util: 0, Op/B 1075.2
			gate_proj | 25.77us  | 22.878 - 48.648 | tensor(768, 4096) -> tensor(768, 14336) | ACT: 0.064692mJ  | RD: 1.7228mJ  | WR: 0.30668mJ  | all_ACT: 0mJ  | all_RD: 0mJ  | all_WR: 0mJ  | MAC: 20.745mJ  | Total: 2.0942mJ | compute util: 0, memory util: 0, Op/B 1237.6
				Linear | 25.77us  | 22.878 - 48.648 | tensor(768, 4096) -> tensor(768, 14336) | ACT: 0.064692mJ  | RD: 1.7228mJ  | WR: 0.30668mJ  | all_ACT: 0mJ  | all_RD: 0mJ  | all_WR: 0mJ  | MAC: 20.745mJ  | Total: 2.0942mJ | compute util: 1, memory util: 0.3535, Op/B 1237.6, GPU
			activation | 4.1288us  | 48.648 - 52.777 | tensor(768, 14336) -> tensor(768, 14336) | ACT: 0.029321mJ  | RD: 0.61335mJ  | WR: 0.30668mJ  | all_ACT: 0mJ  | all_RD: 0mJ  | all_WR: 0mJ  | MAC: 0mJ  | Total: 0.94935mJ | compute util: 0, memory util: 1, Op/B 0, GPU
			up_proj | 25.77us  | 52.777 - 78.547 | tensor(768, 4096) -> tensor(768, 14336) | ACT: 0.064692mJ  | RD: 1.7228mJ  | WR: 0.30668mJ  | all_ACT: 0mJ  | all_RD: 0mJ  | all_WR: 0mJ  | MAC: 20.745mJ  | Total: 2.0942mJ | compute util: 0, memory util: 0, Op/B 1237.6
				Linear | 25.77us  | 52.777 - 78.547 | tensor(768, 4096) -> tensor(768, 14336) | ACT: 0.064692mJ  | RD: 1.7228mJ  | WR: 0.30668mJ  | all_ACT: 0mJ  | all_RD: 0mJ  | all_WR: 0mJ  | MAC: 20.745mJ  | Total: 2.0942mJ | compute util: 1, memory util: 0.3535, Op/B 1237.6, GPU
			down_proj | 25.77us  | 78.547 - 104.32 | tensor(768, 14336) -> tensor(768, 4096) | ACT: 0.064692mJ  | RD: 1.9418mJ  | WR: 0.087703mJ  | all_ACT: 0mJ  | all_RD: 0mJ  | all_WR: 0mJ  | MAC: 20.745mJ  | Total: 2.0942mJ | compute util: 0, memory util: 0, Op/B 1237.6
				Linear | 25.77us  | 78.547 - 104.32 | tensor(768, 14336) -> tensor(768, 4096) | ACT: 0.064692mJ  | RD: 1.9418mJ  | WR: 0.087703mJ  | all_ACT: 0mJ  | all_RD: 0mJ  | all_WR: 0mJ  | MAC: 20.745mJ  | Total: 2.0942mJ | compute util: 1, memory util: 0.3535, Op/B 1237.6, GPU
		all_reduce | 0us  | 104.32 - 104.32 | tensor(768, 4096) -> tensor(768, 4096) | ACT: 0mJ  | RD: 0mJ  | WR: 0mJ  | all_ACT: 0mJ  | all_RD: 0mJ  | all_WR: 0mJ  | MAC: 0mJ  | Total: 0mJ | compute util: 0, memory util: 0, Op/B 0
		residual_1 | 1.1796us  | 104.32 - 105.5 | tensor(768, 4096) -> tensor(768, 4096) | ACT: 0mJ  | RD: 0mJ  | WR: 0mJ  | all_ACT: 0mJ  | all_RD: 0mJ  | all_WR: 0mJ  | MAC: 0mJ  | Total: 0mJ | compute util: 0, memory util: 0, Op/B 0
	pooling_layer | 0.39782us  | 105.5 - 105.89 | tensor(768, 4096) -> tensor(9, 4096) | ACT: 0mJ  | RD: 0mJ  | WR: 0mJ  | all_ACT: 0mJ  | all_RD: 0mJ  | all_WR: 0mJ  | MAC: 0mJ  | Total: 0mJ | compute util: 0, memory util: 0, Op/B 0
	gnn_layer | 2.3598us  | 105.89 - 108.25 | tensor(9, 4096) -> tensor(9, 4096) | ACT: 0.00046541mJ  | RD: 0.0012925mJ  | WR: 0mJ  | all_ACT: 0mJ  | all_RD: 0mJ  | all_WR: 0mJ  | MAC: 0.069473mJ  | Total: 0.001758mJ | compute util: 0.5, memory util: 0.00033901, Op/B 2949.8, PIM
	output_norm | 0.009728us  | 108.25 - 108.26 | tensor(9, 4096) -> tensor(9, 4096) | ACT: 0mJ  | RD: 0mJ  | WR: 0mJ  | all_ACT: 0mJ  | all_RD: 0mJ  | all_WR: 0mJ  | MAC: 0mJ  | Total: 0mJ | compute util: 0, memory util: 0, Op/B 0
